@charset "UTF-8";
.el-checkbox {
  position: relative;
  display: inline-block;
  margin-right: 30px;
  font-size: 14px;
  font-weight: 500;
  color: #606266;
  white-space: nowrap;
  cursor: pointer;
  -webkit-user-select: none;
  -moz-user-select: none;
  -ms-user-select: none;
  user-select: none;
}
.el-checkbox.is-bordered {
  -webkit-box-sizing: border-box;
  box-sizing: border-box;
  height: 40px;
  padding: 9px 20px 9px 10px;
  line-height: normal;
  border: 1px solid #dcdfe6;
  border-radius: 4px;
}
.el-checkbox.is-bordered.is-checked {
  border-color: #409eff;
}
.el-checkbox.is-bordered.is-disabled {
  cursor: not-allowed;
  border-color: #ebeef5;
}
.el-checkbox.is-bordered + .el-checkbox.is-bordered {
  margin-left: 10px;
}
.el-checkbox.is-bordered.el-checkbox--medium {
  height: 36px;
  padding: 7px 20px 7px 10px;
  border-radius: 4px;
}
.el-checkbox.is-bordered.el-checkbox--medium .el-checkbox__label {
  font-size: 14px;
  line-height: 17px;
}
.el-checkbox.is-bordered.el-checkbox--medium .el-checkbox__inner {
  width: 14px;
  height: 14px;
}
.el-checkbox.is-bordered.el-checkbox--small {
  height: 32px;
  padding: 5px 15px 5px 10px;
  border-radius: 3px;
}
.el-checkbox.is-bordered.el-checkbox--small .el-checkbox__label {
  font-size: 12px;
  line-height: 15px;
}
.el-checkbox.is-bordered.el-checkbox--small .el-checkbox__inner {
  width: 12px;
  height: 12px;
}
.el-checkbox.is-bordered.el-checkbox--small .el-checkbox__inner:after {
  width: 2px;
  height: 6px;
}
.el-checkbox.is-bordered.el-checkbox--mini {
  height: 28px;
  padding: 3px 15px 3px 10px;
  border-radius: 3px;
}
.el-checkbox.is-bordered.el-checkbox--mini .el-checkbox__label {
  font-size: 12px;
  line-height: 12px;
}
.el-checkbox.is-bordered.el-checkbox--mini .el-checkbox__inner {
  width: 12px;
  height: 12px;
}
.el-checkbox.is-bordered.el-checkbox--mini .el-checkbox__inner:after {
  width: 2px;
  height: 6px;
}
.el-checkbox__input {
  position: relative;
  display: inline-block;
  line-height: 1;
  vertical-align: middle;
  white-space: nowrap;
  cursor: pointer;
  outline: none;
}
.el-checkbox__input.is-disabled .el-checkbox__inner {
  cursor: not-allowed;
  background-color: #edf2fc;
  border-color: #dcdfe6;
}
.el-checkbox__input.is-disabled .el-checkbox__inner:after {
  cursor: not-allowed;
  border-color: #c0c4cc;
}
.el-checkbox__input.is-disabled .el-checkbox__inner + .el-checkbox__label {
  cursor: not-allowed;
}
.el-checkbox__input.is-disabled.is-checked .el-checkbox__inner {
  background-color: #f2f6fc;
  border-color: #dcdfe6;
}
.el-checkbox__input.is-disabled.is-checked .el-checkbox__inner:after {
  border-color: #c0c4cc;
}
.el-checkbox__input.is-disabled.is-indeterminate .el-checkbox__inner {
  background-color: #f2f6fc;
  border-color: #dcdfe6;
}
.el-checkbox__input.is-disabled.is-indeterminate .el-checkbox__inner:before {
  background-color: #c0c4cc;
  border-color: #c0c4cc;
}
.el-checkbox__input.is-disabled + span.el-checkbox__label {
  color: #c0c4cc;
  cursor: not-allowed;
}
.el-checkbox__input.is-checked .el-checkbox__inner {
  background-color: #409eff;
  border-color: #409eff;
}
.el-checkbox__input.is-checked .el-checkbox__inner:after {
  -webkit-transform: rotate(45deg) scaleY(1);
  transform: rotate(45deg) scaleY(1);
}
.el-checkbox__input.is-checked + .el-checkbox__label {
  color: #409eff;
}
.el-checkbox__input.is-focus .el-checkbox__inner {
  border-color: #409eff;
}
.el-checkbox__input.is-indeterminate .el-checkbox__inner {
  background-color: #409eff;
  border-color: #409eff;
}
.el-checkbox__input.is-indeterminate .el-checkbox__inner:before {
  position: absolute;
  top: 5px;
  right: 0;
  left: 0;
  display: block;
  height: 2px;
  content: "";
  background-color: #fff;
  -webkit-transform: scale(0.5);
  transform: scale(0.5);
}
.el-checkbox__input.is-indeterminate .el-checkbox__inner:after {
  display: none;
}
.el-checkbox__inner {
  position: relative;
  z-index: 1;
  -webkit-box-sizing: border-box;
  box-sizing: border-box;
  display: inline-block;
  width: 14px;
  height: 14px;
  background-color: #fff;
  border: 1px solid #dcdfe6;
  border-radius: 2px;
  -webkit-transition:
    border-color 0.25s cubic-bezier(0.71, -0.46, 0.29, 1.46),
    background-color 0.25s cubic-bezier(0.71, -0.46, 0.29, 1.46);
  transition:
    border-color 0.25s cubic-bezier(0.71, -0.46, 0.29, 1.46),
    background-color 0.25s cubic-bezier(0.71, -0.46, 0.29, 1.46);
}
.el-checkbox__inner:hover {
  border-color: #409eff;
}
.el-checkbox__inner:after {
  position: absolute;
  top: 1px;
  left: 4px;
  -webkit-box-sizing: content-box;
  box-sizing: content-box;
  width: 3px;
  height: 7px;
  content: "";
  border: 1px solid #fff;
  border-top: 0;
  border-left: 0;
  -webkit-transform: rotate(45deg) scaleY(0);
  transform: rotate(45deg) scaleY(0);
  -webkit-transform-origin: center;
  transform-origin: center;
  -webkit-transition: -webkit-transform 0.15s ease-in 0.05s;
  transition: -webkit-transform 0.15s ease-in 0.05s;
  transition: transform 0.15s ease-in 0.05s;
  transition:
    transform 0.15s ease-in 0.05s,
    -webkit-transform 0.15s ease-in 0.05s;
}
.el-checkbox__original {
  position: absolute;
  z-index: -1;
  width: 0;
  height: 0;
  margin: 0;
  outline: none;
  opacity: 0;
}
.el-checkbox__label {
  display: inline-block;
  padding-left: 10px;
  font-size: 14px;
  line-height: 19px;
}
.el-checkbox:last-of-type {
  margin-right: 0;
}
.el-checkbox-button {
  position: relative;
  display: inline-block;
}
.el-checkbox-button__inner {
  position: relative;
  -webkit-box-sizing: border-box;
  box-sizing: border-box;
  display: inline-block;
  margin: 0;
  font-weight: 500;
  line-height: 1;
  vertical-align: middle;
  color: #606266;
  text-align: center;
  white-space: nowrap;
  -webkit-appearance: none;
  -moz-appearance: none;
  appearance: none;
  cursor: pointer;
  outline: none;
  background: #fff;
  border: 1px solid #dcdfe6;
  border-left: 0;
  -webkit-transition: all 0.3s cubic-bezier(0.645, 0.045, 0.355, 1);
  transition: all 0.3s cubic-bezier(0.645, 0.045, 0.355, 1);
  -webkit-user-select: none;
  -moz-user-select: none;
  -ms-user-select: none;
  user-select: none;
  padding: 12px 20px;
  font-size: 14px;
  border-radius: 0;
}
.el-checkbox-button__inner.is-round {
  padding: 12px 20px;
}
.el-checkbox-button__inner:hover {
  color: #409eff;
}
.el-checkbox-button__inner [class*="el-icon-"] {
  line-height: 0.9;
}
.el-checkbox-button__inner [class*="el-icon-"] + span {
  margin-left: 5px;
}
.el-checkbox-button__original {
  position: absolute;
  z-index: -1;
  margin: 0;
  outline: none;
  opacity: 0;
}
.el-checkbox-button.is-checked .el-checkbox-button__inner {
  color: #fff;
  background-color: #409eff;
  border-color: #409eff;
  -webkit-box-shadow: -1px 0 0 0 rgb(140.4, 196.8, 255);
  box-shadow: -1px 0 #8cc5ff;
}
.el-checkbox-button.is-checked:first-child .el-checkbox-button__inner {
  border-left-color: #409eff;
}
.el-checkbox-button.is-disabled .el-checkbox-button__inner {
  color: #c0c4cc;
  cursor: not-allowed;
  background-color: #fff;
  background-image: none;
  border-color: #ebeef5;
  -webkit-box-shadow: none;
  box-shadow: none;
}
.el-checkbox-button.is-disabled:first-child .el-checkbox-button__inner {
  border-left-color: #ebeef5;
}
.el-checkbox-button:first-child .el-checkbox-button__inner {
  border-left: 1px solid #dcdfe6;
  border-radius: 4px 0 0 4px;
  -webkit-box-shadow: none !important;
  box-shadow: none !important;
}
.el-checkbox-button.is-focus .el-checkbox-button__inner {
  border-color: #409eff;
}
.el-checkbox-button:last-child .el-checkbox-button__inner {
  border-radius: 0 4px 4px 0;
}
.el-checkbox-button--medium .el-checkbox-button__inner {
  padding: 10px 20px;
  font-size: 14px;
  border-radius: 0;
}
.el-checkbox-button--medium .el-checkbox-button__inner.is-round {
  padding: 10px 20px;
}
.el-checkbox-button--small .el-checkbox-button__inner {
  padding: 9px 15px;
  font-size: 12px;
  border-radius: 0;
}
.el-checkbox-button--small .el-checkbox-button__inner.is-round {
  padding: 9px 15px;
}
.el-checkbox-button--mini .el-checkbox-button__inner {
  padding: 7px 15px;
  font-size: 12px;
  border-radius: 0;
}
.el-checkbox-button--mini .el-checkbox-button__inner.is-round {
  padding: 7px 15px;
}
.el-checkbox-group {
  font-size: 0;
}
.el-radio {
  position: relative;
  display: inline-block;
  margin-right: 30px;
  font-size: 14px;
  font-weight: 500;
  line-height: 1;
  color: #606266;
  white-space: nowrap;
  cursor: pointer;
  outline: none;
  -webkit-user-select: none;
  -moz-user-select: none;
  -ms-user-select: none;
  user-select: none;
}
.el-radio.is-bordered {
  -webkit-box-sizing: border-box;
  box-sizing: border-box;
  height: 40px;
  padding: 12px 20px 0 10px;
  border: 1px solid #dcdfe6;
  border-radius: 4px;
}
.el-radio.is-bordered.is-checked {
  border-color: #409eff;
}
.el-radio.is-bordered.is-disabled {
  cursor: not-allowed;
  border-color: #ebeef5;
}
.el-radio.is-bordered + .el-radio.is-bordered {
  margin-left: 10px;
}
.el-radio--medium.is-bordered {
  height: 36px;
  padding: 10px 20px 0 10px;
  border-radius: 4px;
}
.el-radio--medium.is-bordered .el-radio__label {
  font-size: 14px;
}
.el-radio--medium.is-bordered .el-radio__inner {
  width: 14px;
  height: 14px;
}
.el-radio--small.is-bordered {
  height: 32px;
  padding: 8px 15px 0 10px;
  border-radius: 3px;
}
.el-radio--small.is-bordered .el-radio__label {
  font-size: 12px;
}
.el-radio--small.is-bordered .el-radio__inner {
  width: 12px;
  height: 12px;
}
.el-radio--mini.is-bordered {
  height: 28px;
  padding: 6px 15px 0 10px;
  border-radius: 3px;
}
.el-radio--mini.is-bordered .el-radio__label {
  font-size: 12px;
}
.el-radio--mini.is-bordered .el-radio__inner {
  width: 12px;
  height: 12px;
}
.el-radio:last-child {
  margin-right: 0;
}
.el-radio__input {
  position: relative;
  display: inline-block;
  line-height: 1;
  vertical-align: middle;
  white-space: nowrap;
  cursor: pointer;
  outline: none;
}
.el-radio__input.is-disabled .el-radio__inner {
  cursor: not-allowed;
  background-color: #f5f7fa;
  border-color: #e4e7ed;
}
.el-radio__input.is-disabled .el-radio__inner:after {
  cursor: not-allowed;
  background-color: #f5f7fa;
}
.el-radio__input.is-disabled .el-radio__inner + .el-radio__label {
  cursor: not-allowed;
}
.el-radio__input.is-disabled.is-checked .el-radio__inner {
  background-color: #f5f7fa;
  border-color: #e4e7ed;
}
.el-radio__input.is-disabled.is-checked .el-radio__inner:after {
  background-color: #c0c4cc;
}
.el-radio__input.is-disabled + span.el-radio__label {
  color: #c0c4cc;
  cursor: not-allowed;
}
.el-radio__input.is-checked .el-radio__inner {
  background: #409eff;
  border-color: #409eff;
}
.el-radio__input.is-checked .el-radio__inner:after {
  -webkit-transform: translate(-50%, -50%) scale(1);
  transform: translate(-50%, -50%) scale(1);
}
.el-radio__input.is-checked + .el-radio__label {
  color: #409eff;
}
.el-radio__input.is-focus .el-radio__inner {
  border-color: #409eff;
}
.el-radio__inner {
  position: relative;
  -webkit-box-sizing: border-box;
  box-sizing: border-box;
  display: inline-block;
  width: 14px;
  height: 14px;
  cursor: pointer;
  background-color: #fff;
  border: 1px solid #dcdfe6;
  border-radius: 100%;
}
.el-radio__inner:hover {
  border-color: #409eff;
}
.el-radio__inner:after {
  position: absolute;
  top: 50%;
  left: 50%;
  width: 4px;
  height: 4px;
  content: "";
  background-color: #fff;
  border-radius: 100%;
  -webkit-transform: translate(-50%, -50%) scale(0);
  transform: translate(-50%, -50%) scale(0);
  -webkit-transition: -webkit-transform 0.15s ease-in;
  transition: -webkit-transform 0.15s ease-in;
  transition: transform 0.15s ease-in;
  transition:
    transform 0.15s ease-in,
    -webkit-transform 0.15s ease-in;
}
.el-radio__original {
  position: absolute;
  inset: 0;
  z-index: -1;
  margin: 0;
  outline: none;
  opacity: 0;
}
.el-radio:focus:not(.is-focus, :active, .is-disabled) .el-radio__inner {
  -webkit-box-shadow: 0 0 2px 2px #409eff;
  box-shadow: 0 0 2px 2px #409eff;
}
.el-radio__label {
  padding-left: 10px;
  font-size: 14px;
}
.el-scrollbar {
  position: relative;
  overflow: hidden;
}
.el-scrollbar:hover > .el-scrollbar__bar,
.el-scrollbar:active > .el-scrollbar__bar,
.el-scrollbar:focus > .el-scrollbar__bar {
  opacity: 1;
  -webkit-transition: opacity 0.34s ease-out;
  transition: opacity 0.34s ease-out;
}
.el-scrollbar__wrap {
  height: 100%;
  overflow: scroll;
}
.el-scrollbar__wrap--hidden-default {
  scrollbar-width: none;
}
.el-scrollbar__wrap--hidden-default::-webkit-scrollbar {
  width: 0;
  height: 0;
}
.el-scrollbar__thumb {
  position: relative;
  display: block;
  width: 0;
  height: 0;
  cursor: pointer;
  background-color: #9093994d;
  border-radiu0s: inherit;
  -webkit-transition: 0.3s background-color;
  transition: 0.3s background-color;
}
.el-scrollbar__thumb:hover {
  background-color: #90939980;
}
.el-scrollbar__bar {
  position: absolute;
  right: 2px;
  bottom: 2px;
  z-index: 1;
  border-radius: 4px;
  opacity: 0;
  -webkit-transition: opacity 0.12s ease-out;
  transition: opacity 0.12s ease-out;
}
.el-scrollbar__bar.is-vertical {
  top: 2px;
  width: 6px;
}
.el-scrollbar__bar.is-vertical > div {
  width: 100%;
}
.el-scrollbar__bar.is-horizontal {
  left: 2px;
  height: 6px;
}
.el-scrollbar__bar.is-horizontal > div {
  height: 100%;
}
.el-cascader-panel {
  display: -webkit-box;
  display: -ms-flexbox;
  display: flex;
  font-size: 14px;
  border-radius: 4px;
}
.el-cascader-panel.is-bordered {
  border: solid 1px #e4e7ed;
  border-radius: 4px;
}
.el-cascader-menu {
  -webkit-box-sizing: border-box;
  box-sizing: border-box;
  min-width: 180px;
  color: #606266;
  border-right: solid 1px #e4e7ed;
}
.el-cascader-menu.el-scrollbar {
  overflow: hidden;
}
.el-cascader-menu:last-child {
  border-right: none;
}
.el-cascader-menu:last-child .el-cascader-node {
  padding-right: 20px;
}
.el-cascader-menu__wrap {
  height: 204px;
}
.el-cascader-menu__list {
  position: relative;
  -webkit-box-sizing: border-box;
  box-sizing: border-box;
  min-height: 100%;
  padding: 6px 0;
  margin: 0;
  list-style: none;
}
.el-cascader-menu__hover-zone {
  position: absolute;
  top: 0;
  left: 0;
  width: 100%;
  height: 100%;
  pointer-events: none;
}
.el-cascader-menu__empty-text {
  position: absolute;
  top: 50%;
  left: 50%;
  color: #c0c4cc;
  text-align: center;
  -webkit-transform: translate(-50%, -50%);
  transform: translate(-50%, -50%);
}
.el-cascader-node {
  position: relative;
  display: -webkit-box;
  display: -ms-flexbox;
  display: flex;
  -webkit-box-align: center;
  -ms-flex-align: center;
  align-items: center;
  height: 34px;
  padding: 0 30px 0 20px;
  line-height: 34px;
  outline: none;
}
.el-cascader-node.is-selectable.in-active-path {
  color: #606266;
}
.el-cascader-node.in-active-path,
.el-cascader-node.is-selectable.in-checked-path,
.el-cascader-node.is-active {
  font-weight: 700;
  color: #409eff;
}
.el-cascader-node:not(.is-disabled) {
  cursor: pointer;
}
.el-cascader-node:not(.is-disabled):hover,
.el-cascader-node:not(.is-disabled):focus {
  background: #f5f7fa;
}
.el-cascader-node.is-disabled {
  color: #c0c4cc;
  cursor: not-allowed;
}
.el-cascader-node__prefix {
  position: absolute;
  left: 10px;
}
.el-cascader-node__postfix {
  position: absolute;
  right: 10px;
}
.el-cascader-node__label {
  -webkit-box-flex: 1;
  -ms-flex: 1;
  flex: 1;
  padding: 0 10px;
  overflow: hidden;
  text-overflow: ellipsis;
  white-space: nowrap;
}
.el-cascader-node > .el-radio {
  margin-right: 0;
}
.el-cascader-node > .el-radio .el-radio__label {
  padding-left: 0;
}
