@charset "UTF-8";
.el-radio {
  position: relative;
  display: inline-block;
  margin-right: 30px;
  font-size: 14px;
  font-weight: 500;
  line-height: 1;
  color: #606266;
  white-space: nowrap;
  cursor: pointer;
  outline: none;
  -webkit-user-select: none;
  -moz-user-select: none;
  -ms-user-select: none;
  user-select: none;
}
.el-radio.is-bordered {
  -webkit-box-sizing: border-box;
  box-sizing: border-box;
  height: 40px;
  padding: 12px 20px 0 10px;
  border: 1px solid #dcdfe6;
  border-radius: 4px;
}
.el-radio.is-bordered.is-checked {
  border-color: #409eff;
}
.el-radio.is-bordered.is-disabled {
  cursor: not-allowed;
  border-color: #ebeef5;
}
.el-radio.is-bordered + .el-radio.is-bordered {
  margin-left: 10px;
}
.el-radio--medium.is-bordered {
  height: 36px;
  padding: 10px 20px 0 10px;
  border-radius: 4px;
}
.el-radio--medium.is-bordered .el-radio__label {
  font-size: 14px;
}
.el-radio--medium.is-bordered .el-radio__inner {
  width: 14px;
  height: 14px;
}
.el-radio--small.is-bordered {
  height: 32px;
  padding: 8px 15px 0 10px;
  border-radius: 3px;
}
.el-radio--small.is-bordered .el-radio__label {
  font-size: 12px;
}
.el-radio--small.is-bordered .el-radio__inner {
  width: 12px;
  height: 12px;
}
.el-radio--mini.is-bordered {
  height: 28px;
  padding: 6px 15px 0 10px;
  border-radius: 3px;
}
.el-radio--mini.is-bordered .el-radio__label {
  font-size: 12px;
}
.el-radio--mini.is-bordered .el-radio__inner {
  width: 12px;
  height: 12px;
}
.el-radio:last-child {
  margin-right: 0;
}
.el-radio__input {
  position: relative;
  display: inline-block;
  line-height: 1;
  vertical-align: middle;
  white-space: nowrap;
  cursor: pointer;
  outline: none;
}
.el-radio__input.is-disabled .el-radio__inner {
  cursor: not-allowed;
  background-color: #f5f7fa;
  border-color: #e4e7ed;
}
.el-radio__input.is-disabled .el-radio__inner:after {
  cursor: not-allowed;
  background-color: #f5f7fa;
}
.el-radio__input.is-disabled .el-radio__inner + .el-radio__label {
  cursor: not-allowed;
}
.el-radio__input.is-disabled.is-checked .el-radio__inner {
  background-color: #f5f7fa;
  border-color: #e4e7ed;
}
.el-radio__input.is-disabled.is-checked .el-radio__inner:after {
  background-color: #c0c4cc;
}
.el-radio__input.is-disabled + span.el-radio__label {
  color: #c0c4cc;
  cursor: not-allowed;
}
.el-radio__input.is-checked .el-radio__inner {
  background: #409eff;
  border-color: #409eff;
}
.el-radio__input.is-checked .el-radio__inner:after {
  -webkit-transform: translate(-50%, -50%) scale(1);
  transform: translate(-50%, -50%) scale(1);
}
.el-radio__input.is-checked + .el-radio__label {
  color: #409eff;
}
.el-radio__input.is-focus .el-radio__inner {
  border-color: #409eff;
}
.el-radio__inner {
  position: relative;
  -webkit-box-sizing: border-box;
  box-sizing: border-box;
  display: inline-block;
  width: 14px;
  height: 14px;
  cursor: pointer;
  background-color: #fff;
  border: 1px solid #dcdfe6;
  border-radius: 100%;
}
.el-radio__inner:hover {
  border-color: #409eff;
}
.el-radio__inner:after {
  position: absolute;
  top: 50%;
  left: 50%;
  width: 4px;
  height: 4px;
  content: "";
  background-color: #fff;
  border-radius: 100%;
  -webkit-transform: translate(-50%, -50%) scale(0);
  transform: translate(-50%, -50%) scale(0);
  -webkit-transition: -webkit-transform 0.15s ease-in;
  transition: -webkit-transform 0.15s ease-in;
  transition: transform 0.15s ease-in;
  transition:
    transform 0.15s ease-in,
    -webkit-transform 0.15s ease-in;
}
.el-radio__original {
  position: absolute;
  inset: 0;
  z-index: -1;
  margin: 0;
  outline: none;
  opacity: 0;
}
.el-radio:focus:not(.is-focus, :active, .is-disabled) .el-radio__inner {
  -webkit-box-shadow: 0 0 2px 2px #409eff;
  box-shadow: 0 0 2px 2px #409eff;
}
.el-radio__label {
  padding-left: 10px;
  font-size: 14px;
}
